<area shape="rect" id="node3" href="$classAdd.html" title="{Add\n|&#45; parameters\l&#45; partition_cache\l&#45; have_id\l|+ Add()\l+ get_have_id()\l+ get_parameters()\l+ get_partition()\l+ invert()\l+ operator==()\l+ hash()\l+ is_selector()\l+ clone()\l+ skip_variable()\l+ eval()\l+ mark()\l+ print()\l}" alt="" coords="5,400,136,728">
<area shape="rect" id="node5" href="$classCompose.html" title="{Compose\n|&#45; left\l&#45; right\l|+ Compose()\l+ operator==()\l+ hash()\l+ clone()\l+ invert()\l+ skip_variable()\l+ is_selector()\l+ eval()\l+ mark()\l+ print()\l}" alt="" coords="160,435,277,693">
<area shape="rect" id="node7" href="$classConstant.html" title="{Constant\n|&#45; value\l|+ Constant()\l+ operator==()\l+ hash()\l+ clone()\l+ eval()\l+ invert()\l+ mark()\l+ print()\l}" alt="" coords="301,461,405,667">
<area shape="rect" id="node9" href="$classFixpoint.html" title="{Fixpoint\n|&#45; arg\l|+ Fixpoint()\l+ operator==()\l+ hash()\l+ clone()\l+ skip_variable()\l+ invert()\l+ is_selector()\l+ eval()\l+ mark()\l+ print()\l}" alt="" coords="429,443,547,685">
<area shape="rect" id="node11" href="$classIdentity.html" title="{Identity\n||+ Identity()\l+ operator==()\l+ hash()\l+ clone()\l+ skip_variable()\l+ is_selector()\l+ invert()\l+ print()\l+ eval()\l}" alt="" coords="571,452,688,676">
<area shape="rect" id="node13" href="$classLeftConcat.html" title="{LeftConcat\n|&#45; left\l&#45; right\l|+ LeftConcat()\l+ operator==()\l+ hash()\l+ clone()\l+ eval()\l+ mark()\l+ print()\l}" alt="" coords="712,461,816,667">
<area shape="rect" id="node15" href="$classMinus.html" title="{Minus\n|&#45; left\l&#45; right\l|+ Minus()\l+ operator==()\l+ hash()\l+ clone()\l+ eval()\l+ mark()\l+ is_selector()\l+ invert()\l+ print()\l}" alt="" coords="840,443,944,685">
<area shape="rect" id="node17" href="$classMLHomAdapter.html" title="{MLHomAdapter\n|&#45; h\l|+ MLHomAdapter()\l+ operator==()\l+ hash()\l+ clone()\l+ eval()\l+ mark()\l+ print()\l}" alt="" coords="968,469,1099,659">
<area shape="rect" id="node19" href="$classMult.html" title="{Mult\n|&#45; left\l&#45; right\l|+ Mult()\l+ operator==()\l+ hash()\l+ clone()\l+ eval()\l+ invert()\l+ is_selector()\l+ mark()\l+ print()\l}" alt="" coords="1123,443,1227,685">
<area shape="rect" id="node21" href="$classMyGHom.html" title="Unknown function for this class." alt="" coords="1251,521,1328,607">
<area shape="rect" id="node23" href="$classNotCond.html" title="{NotCond\n|&#45; cond_\l|+ NotCond()\l+ skip_variable()\l+ is_selector()\l+ eval()\l+ mark()\l+ hash()\l+ operator==()\l+ clone()\l+ print()\l}" alt="" coords="1352,452,1469,676">
<area shape="rect" id="node25" href="$classRightConcat.html" title="{RightConcat\n|&#45; left\l&#45; right\l|+ RightConcat()\l+ operator==()\l+ hash()\l+ clone()\l+ skip_variable()\l+ eval()\l+ mark()\l+ print()\l}" alt="" coords="1493,452,1611,676">
<area shape="rect" id="node27" href="$classStrongHom.html" title="The abstract base class for user defined operations." alt="" coords="1635,461,1749,667">
