<area shape="rect" id="node3" href="$classMyGShom.html" title="{MyGShom\n||}" alt="" coords="5,531,88,616">
<area shape="rect" id="node5" href="$classsns_1_1Add.html" title="{sns::Add\n|+ parameters\l&#45; partition_cache\l&#45; have_id\l|+ Add()\l+ get_have_id()\l+ operator==()\l+ hash()\l+ clone()\l+ is_selector()\l+ invert()\l+ skip_variable()\l+ get_range()\l+ get_partition()\l+ eval()\l+ mark()\l+ print()\l&#45; factorizeByLevel()\l}" alt="" coords="112,401,245,746">
<area shape="rect" id="node7" href="$classsns_1_1And.html" title="A commutative composition of n homomorphisms." alt="" coords="269,444,387,703">
<area shape="rect" id="node9" href="$classsns_1_1Compose.html" title="{sns::Compose\n|+ left\l+ right\l|+ Compose()\l+ operator==()\l+ hash()\l+ clone()\l+ is_selector()\l+ invert()\l+ skip_variable()\l+ get_range()\l+ eval()\l+ mark()\l+ print()\l}" alt="" coords="411,435,528,711">
<area shape="rect" id="node11" href="$classsns_1_1Constant.html" title="{sns::Constant\n|&#45; value\l|+ Constant()\l+ operator==()\l+ hash()\l+ clone()\l+ eval()\l+ mark()\l+ invert()\l+ is_selector()\l+ print()\l}" alt="" coords="552,461,656,685">
<area shape="rect" id="node13" href="$classsns_1_1DomExtract.html" title="Extractor of variable domains for invert computations." alt="" coords="680,453,800,694">
<area shape="rect" id="node15" href="$classsns_1_1Fixpoint.html" title="{sns::Fixpoint\n|&#45; arg\l&#45; can_garbage\l|+ Fixpoint()\l+ operator==()\l+ hash()\l+ clone()\l+ skip_variable()\l+ get_range()\l+ is_selector()\l+ invert()\l+ eval()\l+ mark()\l+ print()\l}" alt="" coords="824,435,941,711">
<area shape="rect" id="node17" href="$classsns_1_1HomMinus.html" title="{sns::HomMinus\n|&#45; left\l&#45; right\l|+ HomMinus()\l+ operator==()\l+ hash()\l+ clone()\l+ eval()\l+ invert()\l+ is_selector()\l+ mark()\l+ print()\l}" alt="" coords="965,453,1077,694">
<area shape="rect" id="node19" href="$classsns_1_1Identity.html" title="{sns::Identity\n||+ Identity()\l+ operator==()\l+ hash()\l+ clone()\l+ is_selector()\l+ skip_variable()\l+ eval()\l+ invert()\l+ print()\l}" alt="" coords="1101,461,1219,685">
<area shape="rect" id="node21" href="$classsns_1_1Inter.html" title="{sns::Inter\n|&#45; left\l&#45; right\l|+ Inter()\l+ operator==()\l+ hash()\l+ clone()\l+ eval()\l+ invert()\l+ is_selector()\l+ skip_variable()\l+ mark()\l+ print()\l}" alt="" coords="1243,444,1360,703">
<area shape="rect" id="node23" href="$classsns_1_1LeftConcat.html" title="{sns::LeftConcat\n|&#45; left\l&#45; right\l|+ LeftConcat()\l+ operator==()\l+ hash()\l+ clone()\l+ eval()\l+ mark()\l+ print()\l}" alt="" coords="1384,470,1499,677">
<area shape="rect" id="node25" href="$classsns_1_1LocalApply.html" title="{sns::LocalApply\n|+ h\l+ target\l|+ LocalApply()\l+ LocalApply()\l+ skip_variable()\l+ is_selector()\l+ get_range()\l+ eval()\l+ mark()\l+ hash()\l+ invert()\l+ operator==()\l+ clone()\l+ print()\l}" alt="" coords="1523,427,1640,720">
<area shape="rect" id="node27" href="$classsns_1_1Minus.html" title="{sns::Minus\n|&#45; left\l&#45; right\l|+ Minus()\l+ operator==()\l+ hash()\l+ clone()\l+ eval()\l+ invert()\l+ is_selector()\l+ mark()\l+ print()\l}" alt="" coords="1664,453,1768,694">
<area shape="rect" id="node29" href="$classsns_1_1Mult.html" title="{sns::Mult\n|&#45; left\l&#45; right\l|+ Mult()\l+ operator==()\l+ hash()\l+ clone()\l+ eval()\l+ is_selector()\l+ invert()\l+ mark()\l+ print()\l}" alt="" coords="1792,453,1896,694">
<area shape="rect" id="node31" href="$classsns_1_1RightConcat.html" title="{sns::RightConcat\n|&#45; left\l&#45; right\l|+ RightConcat()\l+ operator==()\l+ hash()\l+ clone()\l+ skip_variable()\l+ eval()\l+ mark()\l+ print()\l}" alt="" coords="1920,461,2043,685">
<area shape="rect" id="node33" href="$classsns_1_1SLocalApply.html" title="{sns::SLocalApply\n|+ h\l+ target\l|+ SLocalApply()\l+ SLocalApply()\l+ skip_variable()\l+ get_range()\l+ eval()\l+ mark()\l+ is_selector()\l+ hash()\l+ invert()\l+ operator==()\l+ clone()\l+ print()\l}" alt="" coords="2067,427,2189,720">
<area shape="rect" id="node35" href="$classsns_1_1SNotCond.html" title="{sns::SNotCond\n|+ cond_\l|+ SNotCond()\l+ skip_variable()\l+ get_range()\l+ is_selector()\l+ eval()\l+ mark()\l+ hash()\l+ operator==()\l+ clone()\l+ print()\l}" alt="" coords="2213,453,2331,694">
<area shape="rect" id="node37" href="$classStrongShom.html" title="The abstract base class for user defined operations." alt="" coords="2355,470,2475,677">
