<area shape="rect" id="node3" href="$class__SDED__Add.html" title="{_SDED_Add\n|&#45; parameters\l|+ hash()\l+ operator==()\l+ clone()\l+ eval()\l+ ~_SDED_Add()\l+ create()\l+ create()\l&#45; _SDED_Add()\l}" alt="" coords="5,209,128,415">
<area shape="rect" id="node5" href="$class__SDED__Concat.html" title="{_SDED_Concat\n|&#45; parameter1\l&#45; parameter2\l|+ hash()\l+ operator==()\l+ clone()\l+ eval()\l+ ~_SDED_Concat()\l+ create()\l&#45; _SDED_Concat()\l}" alt="" coords="152,209,296,415">
<area shape="rect" id="node7" href="$class__SDED__GSDD.html" title="{_SDED_GSDD\n|&#45; parameter\l|+ _SDED_GSDD()\l+ hash()\l+ operator==()\l+ clone()\l+ eval()\l}" alt="" coords="320,235,451,389">
<area shape="rect" id="node9" href="$class__SDED__Minus.html" title="{_SDED_Minus\n|&#45; parameter1\l&#45; parameter2\l|+ hash()\l+ operator==()\l+ clone()\l+ eval()\l+ ~_SDED_Minus()\l+ create()\l&#45; _SDED_Minus()\l}" alt="" coords="475,209,611,415">
<area shape="rect" id="node11" href="$class__SDED__Mult.html" title="{_SDED_Mult\n|&#45; parameter1\l&#45; parameter2\l|+ hash()\l+ operator==()\l+ clone()\l+ eval()\l+ ~_SDED_Mult()\l+ create()\l&#45; _SDED_Mult()\l}" alt="" coords="635,209,760,415">
<area shape="rect" id="node13" href="$class__SDED__Shom.html" title="{_SDED_Shom\n|&#45; shom\l&#45; parameter\l|+ hash()\l+ operator==()\l+ clone()\l+ eval()\l+ ~_SDED_Shom()\l+ create()\l&#45; _SDED_Shom()\l}" alt="" coords="784,209,920,415">
