<area shape="rect" id="node3" href="$class__DED__Add.html" title="{_DED_Add\n|&#45; parameters\l|+ hash()\l+ operator==()\l+ clone()\l+ eval()\l+ ~_DED_Add()\l+ create()\l&#45; _DED_Add()\l}" alt="" coords="5,217,120,407">
<area shape="rect" id="node5" href="$class__DED__Concat.html" title="{_DED_Concat\n|&#45; parameter1\l&#45; parameter2\l|+ hash()\l+ operator==()\l+ clone()\l+ eval()\l+ ~_DED_Concat()\l+ create()\l&#45; _DED_Concat()\l}" alt="" coords="144,209,277,415">
<area shape="rect" id="node7" href="$class__DED__GDDD.html" title="{_DED_GDDD\n|&#45; parameter\l|+ _DED_GDDD()\l+ hash()\l+ operator==()\l+ clone()\l+ eval()\l}" alt="" coords="301,235,424,389">
<area shape="rect" id="node9" href="$class__DED__Hom.html" title="{_DED_Hom\n|&#45; hom\l&#45; parameter\l|+ hash()\l+ operator==()\l+ clone()\l+ eval()\l+ ~_DED_Hom()\l+ create()\l&#45; _DED_Hom()\l}" alt="" coords="448,209,568,415">
<area shape="rect" id="node11" href="$class__DED__Minus.html" title="{_DED_Minus\n|&#45; parameter1\l&#45; parameter2\l|+ hash()\l+ operator==()\l+ clone()\l+ eval()\l+ ~_DED_Minus()\l+ create()\l&#45; _DED_Minus()\l}" alt="" coords="592,209,720,415">
<area shape="rect" id="node13" href="$class__DED__Mult.html" title="{_DED_Mult\n|&#45; parameter1\l&#45; parameter2\l|+ hash()\l+ operator==()\l+ clone()\l+ eval()\l+ ~_DED_Mult()\l+ create()\l&#45; _DED_Mult()\l}" alt="" coords="744,209,861,415">
