<area shape="rect" id="node3" href="$Cache_8hh.html" title="Cache.hh" alt="" coords="1152,160,1229,189">
<area shape="rect" id="node9" href="$DDD_8cpp.html" title="DDD.cpp" alt="" coords="213,469,288,499">
<area shape="rect" id="node11" href="$SHom_8cpp.html" title="SHom.cpp" alt="" coords="1205,469,1288,499">
<area shape="rect" id="node17" href="$SDED_8cpp.html" title="SDED.cpp" alt="" coords="455,392,537,421">
<area shape="rect" id="node19" href="$Hom_8cpp.html" title="Hom.cpp" alt="" coords="985,237,1060,267">
<area shape="rect" id="node23" href="$hash__set_8hh.html" title="util/hash_set.hh" alt="" coords="583,83,695,112">
<area shape="rect" id="node51" href="$set_8hh.html" title="util/set.hh" alt="" coords="909,160,987,189">
<area shape="rect" id="node59" href="$DED_8cpp.html" title="DED.cpp" alt="" coords="1084,237,1159,267">
<area shape="rect" id="node68" href="$map_8hh.html" title="util/map.hh" alt="" coords="1335,83,1420,112">
<area shape="rect" id="node70" href="$vector_8hh.html" title="util/vector.hh" alt="" coords="1444,83,1540,112">
<area shape="rect" id="node5" href="$SHom_8h.html" title="SHom.h" alt="" coords="675,315,744,344">
<area shape="rect" id="node7" href="$MemoryManager_8h.html" title="MemoryManager.h" alt="" coords="620,392,748,421">
<area shape="rect" id="node15" href="$SDD_8cpp.html" title="SDD.cpp" alt="" coords="792,392,867,421">
<area shape="rect" id="node13" href="$statistic_8cpp.html" title="statistic.cpp" alt="" coords="481,469,572,499">
<area shape="rect" id="node25" href="$UniqueTable_8h.html" title="UniqueTable.h" alt="" coords="587,160,691,189">
<area shape="rect" id="node39" href="$dotExporter_8cpp.html" title="util/dotExporter.cpp" alt="" coords="61,392,195,421">
<area shape="rect" id="node28" href="$SDD_8h.html" title="SDD.h" alt="" coords="423,237,484,267">
<area shape="rect" id="node42" href="$IntDataSet_8h.html" title="IntDataSet.h" alt="" coords="548,237,644,267">
<area shape="rect" id="node47" href="$MLHom_8cpp.html" title="MLHom.cpp" alt="" coords="719,237,809,267">
<area shape="rect" id="node34" href="$statistic_8hpp.html" title="statistic.hpp" alt="" coords="323,392,413,421">
<area shape="rect" id="node37" href="$dotExporter_8h.html" title="util/dotExporter.h" alt="" coords="93,315,213,344">
<area shape="rect" id="node44" href="$IntDataSet_8cpp.html" title="IntDataSet.cpp" alt="" coords="541,315,651,344">
<area shape="rect" id="node53" href="$SDED_8h.html" title="SDED.h" alt="" coords="768,315,837,344">
