<area shape="rect" id="node13" href="$configuration_8hh.html" title="util/configuration.hh" alt="" coords="269,160,403,189">
<area shape="rect" id="node33" href="$set_8hh.html" title="util/set.hh" alt="" coords="297,83,375,112">
<area shape="rect" id="node37" href="$DDD_8h.html" title="DDD.h" alt="" coords="716,237,777,267">
<area shape="rect" id="node48" href="$DED_8h.html" title="DED.h" alt="" coords="547,83,608,112">
<area shape="rect" id="node52" href="$Hom_8h.html" title="Hom.h" alt="" coords="784,160,843,189">
<area shape="rect" id="node15" href="$hash__support_8hh.html" title="util/hash_support.hh" alt="" coords="469,315,608,344">
<area shape="rect" id="node25" href="$ext__hash__map_8hh.html" title="util/ext_hash_map.hh" alt="" coords="261,237,405,267">
<area shape="rect" id="node31" href="$tbb__hash__map_8hh.html" title="util/tbb_hash_map.hh" alt="" coords="93,237,237,267">
<area shape="rect" id="node23" href="$hashfunc_8hh.html" title="hashfunc.hh" alt="" coords="601,392,692,421">
<area shape="rect" id="node44" href="$DataSet_8h.html" title="DataSet.h" alt="" coords="912,315,992,344">
