<area shape="rect" id="node3" href="$dotExporter_8h.html" title="dotExporter.h" alt="" coords="227,83,325,112">
<area shape="rect" id="node15" href="$hash__set_8hh.html" title="util/hash_set.hh" alt="" coords="412,315,524,344">
<area shape="rect" id="node21" href="$hash__support_8hh.html" title="util/hash_support.hh" alt="" coords="399,547,537,576">
<area shape="rect" id="node5" href="$SDD_8h.html" title="SDD.h" alt="" coords="245,160,307,189">
<area shape="rect" id="node45" href="$DDD_8h.html" title="DDD.h" alt="" coords="116,160,177,189">
<area shape="rect" id="node9" href="$UniqueTable_8h.html" title="UniqueTable.h" alt="" coords="327,237,431,267">
<area shape="rect" id="node41" href="$DataSet_8h.html" title="DataSet.h" alt="" coords="145,237,225,267">
<area shape="rect" id="node19" href="$configuration_8hh.html" title="util/configuration.hh" alt="" coords="423,392,556,421">
<area shape="rect" id="node32" href="$ext__hash__map_8hh.html" title="util/ext_hash_map.hh" alt="" coords="572,469,716,499">
<area shape="rect" id="node38" href="$tbb__hash__map_8hh.html" title="util/tbb_hash_map.hh" alt="" coords="303,469,447,499">
<area shape="rect" id="node30" href="$hashfunc_8hh.html" title="hashfunc.hh" alt="" coords="5,624,96,653">
