<area shape="rect" id="node3" href="$SDD_8h.html" title="SDD.h" alt="" coords="513,83,575,112">
<area shape="rect" id="node43" href="$DDD_8h.html" title="DDD.h" alt="" coords="617,83,679,112">
<area shape="rect" id="node7" href="$UniqueTable_8h.html" title="UniqueTable.h" alt="" coords="357,160,461,189">
<area shape="rect" id="node39" href="$DataSet_8h.html" title="DataSet.h" alt="" coords="485,160,565,189">
<area shape="rect" id="node13" href="$hash__set_8hh.html" title="util/hash_set.hh" alt="" coords="352,237,464,267">
<area shape="rect" id="node19" href="$hash__support_8hh.html" title="util/hash_support.hh" alt="" coords="289,469,428,499">
<area shape="rect" id="node17" href="$configuration_8hh.html" title="util/configuration.hh" alt="" coords="341,315,475,344">
<area shape="rect" id="node30" href="$ext__hash__map_8hh.html" title="util/ext_hash_map.hh" alt="" coords="5,392,149,421">
<area shape="rect" id="node36" href="$tbb__hash__map_8hh.html" title="util/tbb_hash_map.hh" alt="" coords="227,392,371,421">
<area shape="rect" id="node28" href="$hashfunc_8hh.html" title="hashfunc.hh" alt="" coords="649,547,740,576">
