<area shape="rect" id="node3" href="$configuration_8hh.html" title="util/configuration.hh" alt="" coords="763,83,896,112">
<area shape="rect" id="node17" href="$SDD_8cpp.html" title="SDD.cpp" alt="" coords="837,469,912,499">
<area shape="rect" id="node5" href="$Cache_8hh.html" title="Cache.hh" alt="" coords="1067,237,1144,267">
<area shape="rect" id="node11" href="$DDD_8cpp.html" title="DDD.cpp" alt="" coords="264,547,339,576">
<area shape="rect" id="node13" href="$SHom_8cpp.html" title="SHom.cpp" alt="" coords="1165,547,1248,576">
<area shape="rect" id="node19" href="$SDED_8cpp.html" title="SDED.cpp" alt="" coords="453,469,536,499">
<area shape="rect" id="node21" href="$Hom_8cpp.html" title="Hom.cpp" alt="" coords="895,315,969,344">
<area shape="rect" id="node25" href="$hash__set_8hh.html" title="util/hash_set.hh" alt="" coords="469,160,581,189">
<area shape="rect" id="node53" href="$set_8hh.html" title="util/set.hh" alt="" coords="641,237,719,267">
<area shape="rect" id="node61" href="$DED_8cpp.html" title="DED.cpp" alt="" coords="993,315,1068,344">
<area shape="rect" id="node70" href="$map_8hh.html" title="util/map.hh" alt="" coords="787,160,872,189">
<area shape="rect" id="node72" href="$vector_8hh.html" title="util/vector.hh" alt="" coords="896,160,992,189">
<area shape="rect" id="node7" href="$SHom_8h.html" title="SHom.h" alt="" coords="491,392,560,421">
<area shape="rect" id="node9" href="$MemoryManager_8h.html" title="MemoryManager.h" alt="" coords="560,469,688,499">
<area shape="rect" id="node15" href="$statistic_8cpp.html" title="statistic.cpp" alt="" coords="471,547,561,576">
<area shape="rect" id="node27" href="$UniqueTable_8h.html" title="UniqueTable.h" alt="" coords="473,237,577,267">
<area shape="rect" id="node41" href="$dotExporter_8cpp.html" title="util/dotExporter.cpp" alt="" coords="87,469,220,499">
<area shape="rect" id="node30" href="$SDD_8h.html" title="SDD.h" alt="" coords="372,315,433,344">
<area shape="rect" id="node44" href="$IntDataSet_8h.html" title="IntDataSet.h" alt="" coords="623,315,719,344">
<area shape="rect" id="node49" href="$MLHom_8cpp.html" title="MLHom.cpp" alt="" coords="457,315,548,344">
<area shape="rect" id="node36" href="$statistic_8hpp.html" title="statistic.hpp" alt="" coords="339,469,429,499">
<area shape="rect" id="node39" href="$dotExporter_8h.html" title="util/dotExporter.h" alt="" coords="144,392,264,421">
<area shape="rect" id="node46" href="$IntDataSet_8cpp.html" title="IntDataSet.cpp" alt="" coords="584,392,693,421">
<area shape="rect" id="node55" href="$SDED_8h.html" title="SDED.h" alt="" coords="717,392,787,421">
