<area shape="rect" id="node3" href="$hash__support_8hh.html" title="util/hash_support.hh" alt="" coords="1193,83,1332,112">
<area shape="rect" id="node106" href="$DDD_8h.html" title="DDD.h" alt="" coords="392,315,453,344">
<area shape="rect" id="node5" href="$configuration_8hh.html" title="util/configuration.hh" alt="" coords="1021,237,1155,267">
<area shape="rect" id="node15" href="$SHom_8cpp.html" title="SHom.cpp" alt="" coords="1408,701,1491,731">
<area shape="rect" id="node19" href="$SDD_8cpp.html" title="SDD.cpp" alt="" coords="1341,624,1416,653">
<area shape="rect" id="node23" href="$Hom_8cpp.html" title="Hom.cpp" alt="" coords="547,547,621,576">
<area shape="rect" id="node29" href="$UniqueTable_8h.html" title="UniqueTable.h" alt="" coords="1245,392,1349,421">
<area shape="rect" id="node43" href="$dotExporter_8cpp.html" title="util/dotExporter.cpp" alt="" coords="1840,624,1973,653">
<area shape="rect" id="node46" href="$IntDataSet_8h.html" title="IntDataSet.h" alt="" coords="1607,469,1703,499">
<area shape="rect" id="node57" href="$SDED_8h.html" title="SDED.h" alt="" coords="1069,547,1139,576">
<area shape="rect" id="node76" href="$ext__hash__map_8hh.html" title="util/ext_hash_map.hh" alt="" coords="1245,160,1389,189">
<area shape="rect" id="node81" href="$Hom_8h.html" title="Hom.h" alt="" coords="485,392,544,421">
<area shape="rect" id="node83" href="$DED_8h.html" title="DED.h" alt="" coords="147,469,208,499">
<area shape="rect" id="node7" href="$Cache_8hh.html" title="Cache.hh" alt="" coords="891,469,968,499">
<area shape="rect" id="node13" href="$DDD_8cpp.html" title="DDD.cpp" alt="" coords="69,701,144,731">
<area shape="rect" id="node21" href="$SDED_8cpp.html" title="SDED.cpp" alt="" coords="1063,624,1145,653">
<area shape="rect" id="node27" href="$hash__set_8hh.html" title="util/hash_set.hh" alt="" coords="1296,315,1408,344">
<area shape="rect" id="node55" href="$set_8hh.html" title="util/set.hh" alt="" coords="1093,469,1171,499">
<area shape="rect" id="node63" href="$DED_8cpp.html" title="DED.cpp" alt="" coords="296,547,371,576">
<area shape="rect" id="node72" href="$map_8hh.html" title="util/map.hh" alt="" coords="915,315,1000,344">
<area shape="rect" id="node74" href="$vector_8hh.html" title="util/vector.hh" alt="" coords="1024,315,1120,344">
<area shape="rect" id="node9" href="$SHom_8h.html" title="SHom.h" alt="" coords="925,547,995,576">
<area shape="rect" id="node11" href="$MemoryManager_8h.html" title="MemoryManager.h" alt="" coords="493,624,621,653">
<area shape="rect" id="node17" href="$statistic_8cpp.html" title="statistic.cpp" alt="" coords="611,701,701,731">
<area shape="rect" id="node32" href="$SDD_8h.html" title="SDD.h" alt="" coords="1245,469,1307,499">
<area shape="rect" id="node51" href="$MLHom_8cpp.html" title="MLHom.cpp" alt="" coords="645,547,736,576">
<area shape="rect" id="node38" href="$statistic_8hpp.html" title="statistic.hpp" alt="" coords="760,547,851,576">
<area shape="rect" id="node41" href="$dotExporter_8h.html" title="util/dotExporter.h" alt="" coords="1467,547,1587,576">
<area shape="rect" id="node48" href="$IntDataSet_8cpp.html" title="IntDataSet.cpp" alt="" coords="1712,547,1821,576">
<area shape="rect" id="node92" href="$MLHom_8h.html" title="MLHom.h" alt="" coords="587,469,664,499">
