<area shape="rect" id="node3" href="$configuration_8hh.html" title="util/configuration.hh" alt="" coords="863,160,996,189">
<area shape="rect" id="node13" href="$SHom_8cpp.html" title="SHom.cpp" alt="" coords="1314,624,1396,653">
<area shape="rect" id="node17" href="$SDD_8cpp.html" title="SDD.cpp" alt="" coords="1143,547,1218,576">
<area shape="rect" id="node21" href="$Hom_8cpp.html" title="Hom.cpp" alt="" coords="340,469,415,499">
<area shape="rect" id="node27" href="$UniqueTable_8h.html" title="UniqueTable.h" alt="" coords="1180,315,1284,344">
<area shape="rect" id="node41" href="$dotExporter_8cpp.html" title="util/dotExporter.cpp" alt="" coords="1468,547,1602,576">
<area shape="rect" id="node44" href="$IntDataSet_8h.html" title="IntDataSet.h" alt="" coords="1427,392,1523,421">
<area shape="rect" id="node55" href="$SDED_8h.html" title="SDED.h" alt="" coords="439,469,508,499">
<area shape="rect" id="node74" href="$ext__hash__map_8hh.html" title="util/ext_hash_map.hh" alt="" coords="1123,83,1267,112">
<area shape="rect" id="node79" href="$Hom_8h.html" title="Hom.h" alt="" coords="126,315,184,344">
<area shape="rect" id="node81" href="$DED_8h.html" title="DED.h" alt="" coords="39,392,100,421">
<area shape="rect" id="node5" href="$Cache_8hh.html" title="Cache.hh" alt="" coords="732,392,810,421">
<area shape="rect" id="node11" href="$DDD_8cpp.html" title="DDD.cpp" alt="" coords="226,624,300,653">
<area shape="rect" id="node19" href="$SDED_8cpp.html" title="SDED.cpp" alt="" coords="691,547,774,576">
<area shape="rect" id="node25" href="$hash__set_8hh.html" title="util/hash_set.hh" alt="" coords="1156,237,1268,267">
<area shape="rect" id="node53" href="$set_8hh.html" title="util/set.hh" alt="" coords="580,392,658,421">
<area shape="rect" id="node61" href="$DED_8cpp.html" title="DED.cpp" alt="" coords="191,469,266,499">
<area shape="rect" id="node70" href="$map_8hh.html" title="util/map.hh" alt="" coords="927,237,1012,267">
<area shape="rect" id="node72" href="$vector_8hh.html" title="util/vector.hh" alt="" coords="1036,237,1132,267">
<area shape="rect" id="node7" href="$SHom_8h.html" title="SHom.h" alt="" coords="698,469,767,499">
<area shape="rect" id="node9" href="$MemoryManager_8h.html" title="MemoryManager.h" alt="" coords="410,547,538,576">
<area shape="rect" id="node15" href="$statistic_8cpp.html" title="statistic.cpp" alt="" coords="628,624,719,653">
<area shape="rect" id="node30" href="$SDD_8h.html" title="SDD.h" alt="" coords="976,392,1038,421">
<area shape="rect" id="node49" href="$MLHom_8cpp.html" title="MLHom.cpp" alt="" coords="532,469,623,499">
<area shape="rect" id="node36" href="$statistic_8hpp.html" title="statistic.hpp" alt="" coords="830,547,920,576">
<area shape="rect" id="node39" href="$dotExporter_8h.html" title="util/dotExporter.h" alt="" coords="1095,469,1215,499">
<area shape="rect" id="node46" href="$IntDataSet_8cpp.html" title="IntDataSet.cpp" alt="" coords="1442,469,1551,499">
<area shape="rect" id="node90" href="$MLHom_8h.html" title="MLHom.h" alt="" coords="276,392,354,421">
