<area shape="rect" id="node11" href="$set_8hh.html" title="util/set.hh" alt="" coords="164,160,241,189">
<area shape="rect" id="node15" href="$configuration_8hh.html" title="util/configuration.hh" alt="" coords="247,237,380,267">
<area shape="rect" id="node17" href="$hash__support_8hh.html" title="util/hash_support.hh" alt="" coords="416,392,555,421">
<area shape="rect" id="node35" href="$Hom_8h.html" title="Hom.h" alt="" coords="933,160,992,189">
<area shape="rect" id="node37" href="$DDD_8h.html" title="DDD.h" alt="" coords="993,237,1055,267">
<area shape="rect" id="node53" href="$DED_8h.html" title="DED.h" alt="" coords="815,83,876,112">
<area shape="rect" id="node59" href="$UniqueTable_8h.html" title="UniqueTable.h" alt="" coords="591,83,695,112">
<area shape="rect" id="node69" href="$MLHom_8h.html" title="MLHom.h" alt="" coords="1067,83,1144,112">
<area shape="rect" id="node77" href="$Cache_8hh.html" title="Cache.hh" alt="" coords="240,83,317,112">
<area shape="rect" id="node27" href="$ext__hash__map_8hh.html" title="util/ext_hash_map.hh" alt="" coords="261,315,405,344">
<area shape="rect" id="node33" href="$tbb__hash__map_8hh.html" title="util/tbb_hash_map.hh" alt="" coords="93,315,237,344">
<area shape="rect" id="node25" href="$hashfunc_8hh.html" title="hashfunc.hh" alt="" coords="913,469,1004,499">
<area shape="rect" id="node44" href="$DataSet_8h.html" title="DataSet.h" alt="" coords="984,315,1064,344">
<area shape="rect" id="node63" href="$hash__set_8hh.html" title="util/hash_set.hh" alt="" coords="443,160,555,189">
<area shape="rect" id="node72" href="$AdditiveMap_8hpp.html" title="AdditiveMap.hpp" alt="" coords="1067,160,1184,189">
