<area shape="rect" id="node1" href="$class__GHom.html" title="The concrete data class for Homomorphisms." alt="" coords="5,325,72,355">
<area shape="rect" id="node3" href="$classAdd.html" title="Add" alt="" coords="155,5,197,35">
<area shape="rect" id="node5" href="$classCompose.html" title="Compose" alt="" coords="137,59,215,88">
<area shape="rect" id="node7" href="$classConstant.html" title="Constant" alt="" coords="139,112,213,141">
<area shape="rect" id="node9" href="$classFixpoint.html" title="Fixpoint" alt="" coords="143,165,209,195">
<area shape="rect" id="node11" href="$classIdentity.html" title="Identity" alt="" coords="144,219,208,248">
<area shape="rect" id="node13" href="$classLeftConcat.html" title="LeftConcat" alt="" coords="133,272,219,301">
<area shape="rect" id="node15" href="$classMinus.html" title="Minus" alt="" coords="148,325,204,355">
<area shape="rect" id="node17" href="$classMLHomAdapter.html" title="MLHomAdapter" alt="" coords="120,379,232,408">
<area shape="rect" id="node19" href="$classMult.html" title="Mult" alt="" coords="153,432,199,461">
<area shape="rect" id="node21" href="$classMyGHom.html" title="Unknown function for this class." alt="" coords="137,485,215,515">
<area shape="rect" id="node23" href="$classNotCond.html" title="NotCond" alt="" coords="140,539,212,568">
<area shape="rect" id="node25" href="$classRightConcat.html" title="RightConcat" alt="" coords="129,592,223,621">
<area shape="rect" id="node27" href="$classStrongHom.html" title="The abstract base class for user defined operations." alt="" coords="132,645,220,675">
