<area shape="rect" id="node1" href="$classDataSet.html" title="This class is an abstraction of a set of data." alt="" coords="5,59,75,88">
<area shape="rect" id="node3" href="$classDDD.html" title="This class is the public interface for manipulating Data Decision Diagrams." alt="" coords="140,5,191,35">
<area shape="rect" id="node5" href="$classGSDD.html" title="This class is the base class representing a hierarchical Set Decision Diagram." alt="" coords="136,59,195,88">
<area shape="rect" id="node9" href="$classIntDataSet.html" title="This class is a very basic implementation of DataSet interface based on std::std::vector&lt;int&gt;..." alt="" coords="124,112,207,141">
<area shape="rect" id="node7" href="$classSDD.html" title="This class is the public interface for manipulating Data Decision Diagrams." alt="" coords="256,59,307,88">
<area shape="rect" id="node10" href="$classGDDD.html" title="This class is the base class representing a Data Decision Diagram." alt="" coords="9,5,71,35">
