<area shape="rect" id="node3" href="$IntDataSet_8h.html" title="IntDataSet.h" alt="" coords="424,83,520,112">
<area shape="rect" id="node15" href="$DataSet_8h.html" title="DataSet.h" alt="" coords="752,160,832,189">
<area shape="rect" id="node19" href="$UniqueTable_8h.html" title="UniqueTable.h" alt="" coords="169,160,273,189">
<area shape="rect" id="node29" href="$hash__support_8hh.html" title="util/hash_support.hh" alt="" coords="185,469,324,499">
<area shape="rect" id="node23" href="$hash__set_8hh.html" title="util/hash_set.hh" alt="" coords="165,237,277,267">
<area shape="rect" id="node27" href="$configuration_8hh.html" title="util/configuration.hh" alt="" coords="144,315,277,344">
<area shape="rect" id="node40" href="$ext__hash__map_8hh.html" title="util/ext_hash_map.hh" alt="" coords="469,392,613,421">
<area shape="rect" id="node46" href="$tbb__hash__map_8hh.html" title="util/tbb_hash_map.hh" alt="" coords="248,392,392,421">
<area shape="rect" id="node38" href="$hashfunc_8hh.html" title="hashfunc.hh" alt="" coords="120,547,211,576">
