<area shape="rect" id="node3" href="$MLHom_8h.html" title="MLHom.h" alt="" coords="165,237,243,267">
<area shape="rect" id="node39" href="$UniqueTable_8h.html" title="UniqueTable.h" alt="" coords="345,83,449,112">
<area shape="rect" id="node60" href="$set_8hh.html" title="util/set.hh" alt="" coords="583,160,660,189">
<area shape="rect" id="node5" href="$Hom_8h.html" title="Hom.h" alt="" coords="175,315,233,344">
<area shape="rect" id="node36" href="$AdditiveMap_8hpp.html" title="AdditiveMap.hpp" alt="" coords="5,315,123,344">
<area shape="rect" id="node7" href="$DDD_8h.html" title="DDD.h" alt="" coords="83,392,144,421">
<area shape="rect" id="node20" href="$hash__support_8hh.html" title="util/hash_support.hh" alt="" coords="451,392,589,421">
<area shape="rect" id="node15" href="$DataSet_8h.html" title="DataSet.h" alt="" coords="73,469,153,499">
<area shape="rect" id="node18" href="$hashfunc_8hh.html" title="hashfunc.hh" alt="" coords="445,469,536,499">
<area shape="rect" id="node43" href="$hash__set_8hh.html" title="util/hash_set.hh" alt="" coords="435,160,547,189">
<area shape="rect" id="node47" href="$configuration_8hh.html" title="util/configuration.hh" alt="" coords="555,237,688,267">
<area shape="rect" id="node50" href="$ext__hash__map_8hh.html" title="util/ext_hash_map.hh" alt="" coords="653,315,797,344">
<area shape="rect" id="node56" href="$tbb__hash__map_8hh.html" title="util/tbb_hash_map.hh" alt="" coords="435,315,579,344">
