<area shape="rect" id="node3" href="$MemoryManager_8h.html" title="MemoryManager.h" alt="" coords="95,160,223,189">
<area shape="rect" id="node11" href="$SHom_8h.html" title="SHom.h" alt="" coords="208,83,277,112">
<area shape="rect" id="node14" href="$SDD_8cpp.html" title="SDD.cpp" alt="" coords="247,160,321,189">
<area shape="rect" id="node16" href="$SDED_8cpp.html" title="SDED.cpp" alt="" coords="345,160,428,189">
<area shape="rect" id="node20" href="$statistic_8hpp.html" title="statistic.hpp" alt="" coords="17,83,108,112">
<area shape="rect" id="node23" href="$dotExporter_8h.html" title="util/dotExporter.h" alt="" coords="452,83,572,112">
<area shape="rect" id="node5" href="$DDD_8cpp.html" title="DDD.cpp" alt="" coords="227,237,301,267">
<area shape="rect" id="node7" href="$SHom_8cpp.html" title="SHom.cpp" alt="" coords="120,237,203,267">
<area shape="rect" id="node9" href="$statistic_8cpp.html" title="statistic.cpp" alt="" coords="5,237,96,267">
<area shape="rect" id="node25" href="$dotExporter_8cpp.html" title="util/dotExporter.cpp" alt="" coords="452,160,585,189">
