<area shape="rect" id="node9" href="$set_8hh.html" title="util/set.hh" alt="" coords="235,315,312,344">
<area shape="rect" id="node15" href="$hash__support_8hh.html" title="util/hash_support.hh" alt="" coords="596,547,735,576">
<area shape="rect" id="node25" href="$ext__hash__map_8hh.html" title="util/ext_hash_map.hh" alt="" coords="884,469,1028,499">
<area shape="rect" id="node40" href="$SDED_8h.html" title="SDED.h" alt="" coords="405,237,475,267">
<area shape="rect" id="node48" href="$SDD_8h.html" title="SDD.h" alt="" coords="405,160,467,189">
<area shape="rect" id="node51" href="$UniqueTable_8h.html" title="UniqueTable.h" alt="" coords="651,237,755,267">
<area shape="rect" id="node63" href="$IntDataSet_8h.html" title="IntDataSet.h" alt="" coords="960,160,1056,189">
<area shape="rect" id="node75" href="$DDD_8h.html" title="DDD.h" alt="" coords="117,237,179,267">
<area shape="rect" id="node82" href="$SHom_8h.html" title="SHom.h" alt="" coords="347,83,416,112">
<area shape="rect" id="node13" href="$configuration_8hh.html" title="util/configuration.hh" alt="" coords="324,392,457,421">
<area shape="rect" id="node31" href="$tbb__hash__map_8hh.html" title="util/tbb_hash_map.hh" alt="" coords="324,469,468,499">
<area shape="rect" id="node23" href="$hashfunc_8hh.html" title="hashfunc.hh" alt="" coords="239,624,329,653">
<area shape="rect" id="node43" href="$DataSet_8h.html" title="DataSet.h" alt="" coords="387,315,467,344">
<area shape="rect" id="node55" href="$hash__set_8hh.html" title="util/hash_set.hh" alt="" coords="647,315,759,344">
<area shape="rect" id="node85" href="$Hom_8h.html" title="Hom.h" alt="" coords="617,160,676,189">
<area shape="rect" id="node92" href="$Cache_8hh.html" title="Cache.hh" alt="" coords="304,160,381,189">
