<area shape="rect" id="node3" href="$SDED_8h.html" title="SDED.h" alt="" coords="101,83,171,112">
<area shape="rect" id="node13" href="$SDD_8cpp.html" title="SDD.cpp" alt="" coords="264,160,339,189">
<area shape="rect" id="node17" href="$SHom_8h.html" title="SHom.h" alt="" coords="195,83,264,112">
<area shape="rect" id="node22" href="$DED_8cpp.html" title="DED.cpp" alt="" coords="339,83,413,112">
<area shape="rect" id="node24" href="$Hom_8cpp.html" title="Hom.cpp" alt="" coords="437,83,512,112">
<area shape="rect" id="node26" href="$MLHom_8cpp.html" title="MLHom.cpp" alt="" coords="536,83,627,112">
<area shape="rect" id="node5" href="$MemoryManager_8h.html" title="MemoryManager.h" alt="" coords="112,160,240,189">
<area shape="rect" id="node15" href="$SDED_8cpp.html" title="SDED.cpp" alt="" coords="5,160,88,189">
<area shape="rect" id="node7" href="$DDD_8cpp.html" title="DDD.cpp" alt="" coords="36,237,111,267">
<area shape="rect" id="node9" href="$SHom_8cpp.html" title="SHom.cpp" alt="" coords="135,237,217,267">
<area shape="rect" id="node11" href="$statistic_8cpp.html" title="statistic.cpp" alt="" coords="241,237,332,267">
