<area shape="rect" id="node3" href="$SDD_8h.html" title="SDD.h" alt="" coords="217,83,279,112">
<area shape="rect" id="node43" href="$Hom_8h.html" title="Hom.h" alt="" coords="591,160,649,189">
<area shape="rect" id="node58" href="$Cache_8hh.html" title="Cache.hh" alt="" coords="707,83,784,112">
<area shape="rect" id="node61" href="$set_8hh.html" title="util/set.hh" alt="" coords="844,237,921,267">
<area shape="rect" id="node7" href="$UniqueTable_8h.html" title="UniqueTable.h" alt="" coords="264,160,368,189">
<area shape="rect" id="node39" href="$DataSet_8h.html" title="DataSet.h" alt="" coords="133,315,213,344">
<area shape="rect" id="node13" href="$hash__set_8hh.html" title="util/hash_set.hh" alt="" coords="353,237,465,267">
<area shape="rect" id="node19" href="$hash__support_8hh.html" title="util/hash_support.hh" alt="" coords="547,469,685,499">
<area shape="rect" id="node17" href="$configuration_8hh.html" title="util/configuration.hh" alt="" coords="712,315,845,344">
<area shape="rect" id="node30" href="$ext__hash__map_8hh.html" title="util/ext_hash_map.hh" alt="" coords="847,392,991,421">
<area shape="rect" id="node36" href="$tbb__hash__map_8hh.html" title="util/tbb_hash_map.hh" alt="" coords="679,392,823,421">
<area shape="rect" id="node28" href="$hashfunc_8hh.html" title="hashfunc.hh" alt="" coords="411,547,501,576">
<area shape="rect" id="node45" href="$DDD_8h.html" title="DDD.h" alt="" coords="217,237,279,267">
