<area shape="rect" id="node9" href="$MemoryManager_8h.html" title="MemoryManager.h" alt="" coords="411,83,539,112">
<area shape="rect" id="node32" href="$hash__support_8hh.html" title="util/hash_support.hh" alt="" coords="495,624,633,653">
<area shape="rect" id="node57" href="$configuration_8hh.html" title="util/configuration.hh" alt="" coords="956,469,1089,499">
<area shape="rect" id="node82" href="$Cache_8hh.html" title="Cache.hh" alt="" coords="1029,237,1107,267">
<area shape="rect" id="node11" href="$DDD_8h.html" title="DDD.h" alt="" coords="251,315,312,344">
<area shape="rect" id="node24" href="$DED_8h.html" title="DED.h" alt="" coords="160,160,221,189">
<area shape="rect" id="node29" href="$Hom_8h.html" title="Hom.h" alt="" coords="664,237,723,267">
<area shape="rect" id="node46" href="$SDD_8h.html" title="SDD.h" alt="" coords="437,237,499,267">
<area shape="rect" id="node70" href="$SDED_8h.html" title="SDED.h" alt="" coords="461,315,531,344">
<area shape="rect" id="node78" href="$SHom_8h.html" title="SHom.h" alt="" coords="680,160,749,189">
<area shape="rect" id="node86" href="$MLHom_8h.html" title="MLHom.h" alt="" coords="528,160,605,189">
<area shape="rect" id="node92" href="$process_8hpp.html" title="process.hpp" alt="" coords="347,160,437,189">
<area shape="rect" id="node19" href="$DataSet_8h.html" title="DataSet.h" alt="" coords="424,392,504,421">
<area shape="rect" id="node22" href="$hashfunc_8hh.html" title="hashfunc.hh" alt="" coords="311,701,401,731">
<area shape="rect" id="node49" href="$UniqueTable_8h.html" title="UniqueTable.h" alt="" coords="725,315,829,344">
<area shape="rect" id="node53" href="$hash__set_8hh.html" title="util/hash_set.hh" alt="" coords="832,392,944,421">
<area shape="rect" id="node60" href="$ext__hash__map_8hh.html" title="util/ext_hash_map.hh" alt="" coords="1051,547,1195,576">
<area shape="rect" id="node66" href="$tbb__hash__map_8hh.html" title="util/tbb_hash_map.hh" alt="" coords="883,547,1027,576">
<area shape="rect" id="node72" href="$set_8hh.html" title="util/set.hh" alt="" coords="629,392,707,421">
<area shape="rect" id="node89" href="$AdditiveMap_8hpp.html" title="AdditiveMap.hpp" alt="" coords="523,237,640,267">
