<area shape="rect" id="node7" href="$SDD_8h.html" title="SDD.h" alt="" coords="360,83,421,112">
<area shape="rect" id="node46" href="$DDD_8h.html" title="DDD.h" alt="" coords="512,83,573,112">
<area shape="rect" id="node10" href="$UniqueTable_8h.html" title="UniqueTable.h" alt="" coords="236,160,340,189">
<area shape="rect" id="node42" href="$DataSet_8h.html" title="DataSet.h" alt="" coords="441,160,521,189">
<area shape="rect" id="node16" href="$hash__set_8hh.html" title="util/hash_set.hh" alt="" coords="147,237,259,267">
<area shape="rect" id="node22" href="$hash__support_8hh.html" title="util/hash_support.hh" alt="" coords="285,469,424,499">
<area shape="rect" id="node20" href="$configuration_8hh.html" title="util/configuration.hh" alt="" coords="115,315,248,344">
<area shape="rect" id="node33" href="$ext__hash__map_8hh.html" title="util/ext_hash_map.hh" alt="" coords="5,392,149,421">
<area shape="rect" id="node39" href="$tbb__hash__map_8hh.html" title="util/tbb_hash_map.hh" alt="" coords="173,392,317,421">
<area shape="rect" id="node31" href="$hashfunc_8hh.html" title="hashfunc.hh" alt="" coords="564,547,655,576">
