<area shape="rect" id="node3" href="$configuration_8hh.html" title="util/configuration.hh" alt="" coords="1008,83,1141,112">
<area shape="rect" id="node5" href="$Cache_8hh.html" title="Cache.hh" alt="" coords="1152,237,1229,267">
<area shape="rect" id="node11" href="$DDD_8cpp.html" title="DDD.cpp" alt="" coords="213,547,288,576">
<area shape="rect" id="node13" href="$SHom_8cpp.html" title="SHom.cpp" alt="" coords="1205,547,1288,576">
<area shape="rect" id="node19" href="$SDED_8cpp.html" title="SDED.cpp" alt="" coords="455,469,537,499">
<area shape="rect" id="node21" href="$Hom_8cpp.html" title="Hom.cpp" alt="" coords="985,315,1060,344">
<area shape="rect" id="node25" href="$hash__set_8hh.html" title="util/hash_set.hh" alt="" coords="583,160,695,189">
<area shape="rect" id="node53" href="$set_8hh.html" title="util/set.hh" alt="" coords="909,237,987,267">
<area shape="rect" id="node61" href="$DED_8cpp.html" title="DED.cpp" alt="" coords="1084,315,1159,344">
<area shape="rect" id="node70" href="$map_8hh.html" title="util/map.hh" alt="" coords="1335,160,1420,189">
<area shape="rect" id="node72" href="$vector_8hh.html" title="util/vector.hh" alt="" coords="1444,160,1540,189">
<area shape="rect" id="node7" href="$SHom_8h.html" title="SHom.h" alt="" coords="675,392,744,421">
<area shape="rect" id="node9" href="$MemoryManager_8h.html" title="MemoryManager.h" alt="" coords="620,469,748,499">
<area shape="rect" id="node17" href="$SDD_8cpp.html" title="SDD.cpp" alt="" coords="792,469,867,499">
<area shape="rect" id="node15" href="$statistic_8cpp.html" title="statistic.cpp" alt="" coords="481,547,572,576">
<area shape="rect" id="node27" href="$UniqueTable_8h.html" title="UniqueTable.h" alt="" coords="587,237,691,267">
<area shape="rect" id="node41" href="$dotExporter_8cpp.html" title="util/dotExporter.cpp" alt="" coords="61,469,195,499">
<area shape="rect" id="node30" href="$SDD_8h.html" title="SDD.h" alt="" coords="423,315,484,344">
<area shape="rect" id="node44" href="$IntDataSet_8h.html" title="IntDataSet.h" alt="" coords="548,315,644,344">
<area shape="rect" id="node49" href="$MLHom_8cpp.html" title="MLHom.cpp" alt="" coords="719,315,809,344">
<area shape="rect" id="node36" href="$statistic_8hpp.html" title="statistic.hpp" alt="" coords="323,469,413,499">
<area shape="rect" id="node39" href="$dotExporter_8h.html" title="util/dotExporter.h" alt="" coords="93,392,213,421">
<area shape="rect" id="node46" href="$IntDataSet_8cpp.html" title="IntDataSet.cpp" alt="" coords="541,392,651,421">
<area shape="rect" id="node55" href="$SDED_8h.html" title="SDED.h" alt="" coords="768,392,837,421">
