<area shape="rect" id="node3" href="$DDD_8cpp.html" title="DDD.cpp" alt="" coords="5,315,80,344">
<area shape="rect" id="node5" href="$SDD_8h.html" title="SDD.h" alt="" coords="367,83,428,112">
<area shape="rect" id="node17" href="$SDD_8cpp.html" title="SDD.cpp" alt="" coords="533,237,608,267">
<area shape="rect" id="node30" href="$Hom_8cpp.html" title="Hom.cpp" alt="" coords="728,83,803,112">
<area shape="rect" id="node32" href="$IntDataSet_8h.html" title="IntDataSet.h" alt="" coords="608,83,704,112">
<area shape="rect" id="node37" href="$MLHom_8cpp.html" title="MLHom.cpp" alt="" coords="827,83,917,112">
<area shape="rect" id="node7" href="$MemoryManager_8h.html" title="MemoryManager.h" alt="" coords="275,237,403,267">
<area shape="rect" id="node14" href="$SHom_8h.html" title="SHom.h" alt="" coords="363,160,432,189">
<area shape="rect" id="node19" href="$SDED_8cpp.html" title="SDED.cpp" alt="" coords="427,237,509,267">
<area shape="rect" id="node23" href="$statistic_8hpp.html" title="statistic.hpp" alt="" coords="53,160,144,189">
<area shape="rect" id="node26" href="$dotExporter_8h.html" title="util/dotExporter.h" alt="" coords="168,160,288,189">
<area shape="rect" id="node10" href="$SHom_8cpp.html" title="SHom.cpp" alt="" coords="297,315,380,344">
<area shape="rect" id="node12" href="$statistic_8cpp.html" title="statistic.cpp" alt="" coords="156,315,247,344">
<area shape="rect" id="node28" href="$dotExporter_8cpp.html" title="util/dotExporter.cpp" alt="" coords="117,237,251,267">
<area shape="rect" id="node34" href="$IntDataSet_8cpp.html" title="IntDataSet.cpp" alt="" coords="659,160,768,189">
